ESP-ROM:esp32s3-20210327
Build:Mar 27 2021
rst:0xc (RTC_SW_CPU_RST),boot:0xb (SPI_FAST_FLASH_BOOT)
Saved PC:0x40379f91
SPIWP:0xee
mode:DIO, clock div:1
load:0x3fce2810,len:0x1564
load:0x403c8700,len:0x4
load:0x403c8704,len:0xd24
load:0x403cb700,len:0x2ed4
entry 0x403c8928
I (31) boot: ESP-IDF v5.4.3-904-gacd7b505de 2nd stage bootloader
I (31) boot: compile time Feb  9 2026 14:03:38
I (31) boot: Multicore bootloader
I (33) boot: chip revision: v0.2
I (36) boot: efuse block revision: v1.3
I (39) boot.esp32s3: Boot SPI Speed : 80MHz
I (43) boot.esp32s3: SPI Mode       : DIO
I (47) boot.esp32s3: SPI Flash Size : 16MB
I (51) boot: Enabling RNG early entropy source...
I (55) boot: Partition Table:
I (58) boot: ## Label            Usage          Type ST Offset   Length
I (64) boot:  0 nvs              WiFi data        01 02 00009000 00006000
I (71) boot:  1 phy_init         RF data          01 01 0000f000 00001000
I (77) boot:  2 factory          factory app      00 00 00010000 00800000
I (84) boot:  3 storage          Unknown data     01 82 00810000 00300000
I (90) boot: End of partition table
I (93) esp_image: segment 0: paddr=00010020 vaddr=3c150020 size=61340ch (6370316) map
I (1223) esp_image: segment 1: paddr=00623434 vaddr=3fca7000 size=08868h ( 34920) load
I (1231) esp_image: segment 2: paddr=0062bca4 vaddr=40378000 size=04374h ( 17268) load
I (1235) esp_image: segment 3: paddr=00630020 vaddr=42000020 size=1473f8h (1340408) map
I (1471) esp_image: segment 4: paddr=00777420 vaddr=4037c374 size=1ac0ch (109580) load
I (1495) esp_image: segment 5: paddr=00792034 vaddr=50000000 size=0001ch (    28) load
I (1508) boot: Loaded app from partition at offset 0x10000
I (1508) boot: Disabling RNG early entropy source...
I (1519) octal_psram: vendor id    : 0x0d (AP)
I (1519) octal_psram: dev id       : 0x02 (generation 3)
I (1519) octal_psram: density      : 0x03 (64 Mbit)
I (1521) octal_psram: good-die     : 0x01 (Pass)
I (1525) octal_psram: Latency      : 0x01 (Fixed)
I (1530) octal_psram: VCC          : 0x01 (3V)
I (1534) octal_psram: SRF          : 0x01 (Fast Refresh)
I (1539) octal_psram: BurstType    : 0x01 (Hybrid Wrap)
I (1544) octal_psram: BurstLen     : 0x01 (32 Byte)
I (1549) octal_psram: Readlatency  : 0x02 (10 cycles@Fixed)
I (1554) octal_psram: DriveStrength: 0x00 (1/1)
I (1559) MSPI Timing: PSRAM timing tuning index: 4
I (1563) esp_psram: Found 8MB PSRAM device
I (1566) esp_psram: Speed: 80MHz
I (1570) cpu_start: Multicore app
I (1871) esp_psram: SPI SRAM memory test OK
I (1879) cpu_start: GPIO 44 and 43 are used as console UART I/O pins
I (1880) cpu_start: Pro cpu start user code
I (1880) cpu_start: cpu freq: 240000000 Hz
I (1882) app_init: Application information:
I (1886) app_init: Project name:     handheld
I (1890) app_init: App version:      1
I (1893) app_init: Compile time:     Feb  9 2026 14:03:33
I (1898) app_init: ELF file SHA256:  b9aad4a34...
I (1903) app_init: ESP-IDF:          v5.4.3-904-gacd7b505de
I (1908) efuse_init: Min chip rev:     v0.0
I (1912) efuse_init: Max chip rev:     v0.99
I (1916) efuse_init: Chip rev:         v0.2
I (1920) heap_init: Initializing. RAM available for dynamic allocation:
I (1926) heap_init: At 3FCB8120 len 000315F0 (197 KiB): RAM
I (1931) heap_init: At 3FCE9710 len 00005724 (21 KiB): RAM
I (1937) heap_init: At 600FE000 len 00001FE8 (7 KiB): RTCRAM
I (1942) esp_psram: Adding pool of 8192K of PSRAM memory to heap allocator
I (1949) spi_flash: detected chip: gd
I (1952) spi_flash: flash io: dio
E (1955) i2c: CONFLICT! driver_ng is not allowed to be used with this old driver

abort() was called at PC 0x420c46ef on core 0


Backtrace: 0x4037a051:0x3fceb1c0 0x4038890d:0x3fceb1e0 0x403917f5:0x3fceb200 0x420c46ef:0x3fceb270 0x4200467b:0x3fceb290 0x42004762:0x3fceb2b0 0x40379ba2:0x3fceb2d0 0x403ccaa0:0x3fceb340 0x403ccedd:0x3fceb380 0x403c8991:0x3fceb4b0 0x40045c01:0x3fceb570 0x40043ab6:0x3fceb6f0 0x40034c45:0x3fceb710




ELF file SHA256: b9aad4a34

Rebooting...
